src/components/LegalStrategyCenter.tsx(4,10): error TS2459: Module '"../services/geminiService"' declares 'AnalysisResults' locally, but it is not exported.
src/services/legalStrategyService.ts(1,10): error TS2459: Module '"./geminiService"' declares 'getAI' locally, but it is not exported.
